2026-09-25T12:43:35Z INFO pipeline START run_date=2026-09-25 source=snapshot chaos=None
2026-09-25T12:43:50Z INFO pipeline EXTRACT snapshot=20260925T112431Z_initial rows={'call_center': 950999, 'service_requests': 969004, 'sla': 3563, 'survey': 275467} integrity_problems=0
2026-09-25T12:43:56Z INFO pipeline CLEAN {'rows_in': 969004, 'exact_duplicate_rows_removed': 0, 'conflicting_duplicate_keys': 0, 'created_date_unparseable': 0, 'closed_date_unparseable': 0, 'due_date_unparseable': 0, 'resolution_action_updated_date_unparseable': 0, 'rows_out': 969004}
2026-09-25T12:44:01Z INFO pipeline VALIDATE R01 Retrieval count matches source count          reporting=PASS    live=PASS
2026-09-25T12:44:01Z INFO pipeline VALIDATE R02 Raw files unchanged since retrieval           reporting=PASS    live=PASS
2026-09-25T12:44:01Z INFO pipeline VALIDATE R03 Required columns present                      reporting=PASS    live=PASS
2026-09-25T12:44:01Z INFO pipeline VALIDATE R04 Full SLA hierarchy available                  reporting=WARN    live=WARN
2026-09-25T12:44:01Z INFO pipeline VALIDATE R05 One row per request                           reporting=PASS    live=PASS
2026-09-25T12:44:01Z INFO pipeline VALIDATE R06 Timestamps parse                              reporting=PASS    live=PASS
2026-09-25T12:44:01Z INFO pipeline VALIDATE R07 Rows inside the requested window              reporting=PASS    live=PASS
2026-09-25T12:44:01Z INFO pipeline VALIDATE R08 Snapshot fresh enough                         reporting=PASS    live=UNKNOWN
2026-09-25T12:44:01Z INFO pipeline VALIDATE R09 Event order is possible                       reporting=WARN    live=FAIL
2026-09-25T12:44:01Z INFO pipeline VALIDATE R10 Status and closed date agree                  reporting=WARN    live=FAIL
2026-09-25T12:44:01Z INFO pipeline VALIDATE R11 Closure time has hour precision               reporting=WARN    live=WARN
2026-09-25T12:44:01Z INFO pipeline VALIDATE R12 No timestamps after the snapshot              reporting=PASS    live=PASS
2026-09-25T12:44:01Z INFO pipeline VALIDATE R13 Status values are known                       reporting=PASS    live=PASS
2026-09-25T12:44:01Z INFO pipeline VALIDATE R14 Closing note present                          reporting=WARN    live=FAIL
2026-09-25T12:44:01Z INFO pipeline VALIDATE R15 Closing note text intact                      reporting=WARN    live=FAIL
2026-09-25T12:44:01Z INFO pipeline VALIDATE R16 Mapping file is valid                         reporting=PASS    live=PASS
2026-09-25T12:44:01Z INFO pipeline VALIDATE R17 Mapping covers the deep-dive notes            reporting=PASS    live=PASS
2026-09-25T12:44:01Z INFO pipeline VALIDATE R18 Mapping agrees with an independent coder      reporting=WARN    live=UNKNOWN
2026-09-25T12:44:01Z INFO pipeline VALIDATE R19 SLA units understood                          reporting=PASS    live=PASS
2026-09-25T12:44:01Z INFO pipeline VALIDATE R20 SLA reference is current                      reporting=WARN    live=FAIL
2026-09-25T12:44:01Z INFO pipeline VALIDATE R21 SLA match is unambiguous                      reporting=WARN    live=WARN
2026-09-25T12:44:01Z INFO pipeline VALIDATE R22 Joins do not duplicate rows                   reporting=PASS    live=PASS
2026-09-25T12:44:01Z INFO pipeline VALIDATE R23 Timezone of timestamps                        reporting=UNKNOWN live=UNKNOWN
2026-09-25T12:44:01Z INFO pipeline VALIDATE R24 Status calls attributable to an agency        reporting=WARN    live=WARN
2026-09-25T12:44:01Z INFO pipeline VALIDATE R25 Survey represents all requests                reporting=WARN    live=FAIL
2026-09-25T12:45:06Z INFO pipeline PUBLISHED /sessions/rcw-01gzbv3brayersg97mrzskfz/mnt/FDE/nyc311/output/run_date=2026-09-25 gate=READY (with warnings) live_gate=NOT READY in 90.9s
2026-09-25T12:46:25Z INFO pipeline START run_date=2026-09-25 source=snapshot chaos=None
2026-09-25T12:46:45Z INFO pipeline EXTRACT snapshot=20260925T112431Z_initial rows={'call_center': 950999, 'service_requests': 969004, 'sla': 3563, 'survey': 275467} integrity_problems=0
2026-09-25T12:46:51Z INFO pipeline CLEAN {'rows_in': 969004, 'exact_duplicate_rows_removed': 0, 'conflicting_duplicate_keys': 0, 'created_date_unparseable': 0, 'closed_date_unparseable': 0, 'due_date_unparseable': 0, 'resolution_action_updated_date_unparseable': 0, 'rows_out': 969004}
2026-09-25T12:46:56Z INFO pipeline VALIDATE R01 Retrieval count matches source count          reporting=PASS    live=PASS
2026-09-25T12:46:56Z INFO pipeline VALIDATE R02 Raw files unchanged since retrieval           reporting=PASS    live=PASS
2026-09-25T12:46:56Z INFO pipeline VALIDATE R03 Required columns present                      reporting=PASS    live=PASS
2026-09-25T12:46:56Z INFO pipeline VALIDATE R04 Full SLA hierarchy available                  reporting=WARN    live=WARN
2026-09-25T12:46:56Z INFO pipeline VALIDATE R05 One row per request                           reporting=PASS    live=PASS
2026-09-25T12:46:56Z INFO pipeline VALIDATE R06 Timestamps parse                              reporting=PASS    live=PASS
2026-09-25T12:46:56Z INFO pipeline VALIDATE R07 Rows inside the requested window              reporting=PASS    live=PASS
2026-09-25T12:46:56Z INFO pipeline VALIDATE R08 Snapshot fresh enough                         reporting=PASS    live=UNKNOWN
2026-09-25T12:46:56Z INFO pipeline VALIDATE R09 Event order is possible                       reporting=WARN    live=FAIL
2026-09-25T12:46:56Z INFO pipeline VALIDATE R10 Status and closed date agree                  reporting=WARN    live=FAIL
2026-09-25T12:46:56Z INFO pipeline VALIDATE R11 Closure time has hour precision               reporting=WARN    live=WARN
2026-09-25T12:46:56Z INFO pipeline VALIDATE R12 No timestamps after the snapshot              reporting=PASS    live=PASS
2026-09-25T12:46:56Z INFO pipeline VALIDATE R13 Status values are known                       reporting=PASS    live=PASS
2026-09-25T12:46:56Z INFO pipeline VALIDATE R14 Closing note present                          reporting=WARN    live=FAIL
2026-09-25T12:46:56Z INFO pipeline VALIDATE R15 Closing note text intact                      reporting=WARN    live=FAIL
2026-09-25T12:46:56Z INFO pipeline VALIDATE R16 Mapping file is valid                         reporting=PASS    live=PASS
2026-09-25T12:46:56Z INFO pipeline VALIDATE R17 Mapping covers the deep-dive notes            reporting=PASS    live=PASS
2026-09-25T12:46:56Z INFO pipeline VALIDATE R18 Mapping agrees with an independent coder      reporting=WARN    live=UNKNOWN
2026-09-25T12:46:56Z INFO pipeline VALIDATE R19 SLA units understood                          reporting=PASS    live=PASS
2026-09-25T12:46:56Z INFO pipeline VALIDATE R20 SLA reference is current                      reporting=WARN    live=FAIL
2026-09-25T12:46:56Z INFO pipeline VALIDATE R21 SLA match is unambiguous                      reporting=WARN    live=WARN
2026-09-25T12:46:56Z INFO pipeline VALIDATE R22 Joins do not duplicate rows                   reporting=PASS    live=PASS
2026-09-25T12:46:56Z INFO pipeline VALIDATE R23 Timezone of timestamps                        reporting=UNKNOWN live=UNKNOWN
2026-09-25T12:46:56Z INFO pipeline VALIDATE R24 Status calls attributable to an agency        reporting=WARN    live=WARN
2026-09-25T12:46:56Z INFO pipeline VALIDATE R25 Survey represents all requests                reporting=WARN    live=FAIL
2026-09-25T12:48:03Z INFO pipeline PUBLISHED /sessions/rcw-01gzbv3brayersg97mrzskfz/mnt/FDE/nyc311/output/run_date=2026-09-25 gate=READY (with warnings) live_gate=NOT READY in 97.8s
2026-09-25T12:49:18Z INFO pipeline START run_date=2026-09-25 source=snapshot chaos=None
2026-09-25T12:49:37Z INFO pipeline EXTRACT snapshot=20260925T112431Z_initial rows={'call_center': 950999, 'service_requests': 969004, 'sla': 3563, 'survey': 275467} integrity_problems=0
2026-09-25T12:49:45Z INFO pipeline CLEAN {'rows_in': 969004, 'exact_duplicate_rows_removed': 0, 'conflicting_duplicate_keys': 0, 'created_date_unparseable': 0, 'closed_date_unparseable': 0, 'due_date_unparseable': 0, 'resolution_action_updated_date_unparseable': 0, 'rows_out': 969004}
2026-09-25T12:49:51Z INFO pipeline VALIDATE R01 Retrieval count matches source count          reporting=PASS    live=PASS
2026-09-25T12:49:51Z INFO pipeline VALIDATE R02 Raw files unchanged since retrieval           reporting=PASS    live=PASS
2026-09-25T12:49:51Z INFO pipeline VALIDATE R03 Required columns present                      reporting=PASS    live=PASS
2026-09-25T12:49:51Z INFO pipeline VALIDATE R04 Full SLA hierarchy available                  reporting=WARN    live=WARN
2026-09-25T12:49:51Z INFO pipeline VALIDATE R05 One row per request                           reporting=PASS    live=PASS
2026-09-25T12:49:51Z INFO pipeline VALIDATE R06 Timestamps parse                              reporting=PASS    live=PASS
2026-09-25T12:49:51Z INFO pipeline VALIDATE R07 Rows inside the requested window              reporting=PASS    live=PASS
2026-09-25T12:49:51Z INFO pipeline VALIDATE R08 Snapshot fresh enough                         reporting=PASS    live=UNKNOWN
2026-09-25T12:49:51Z INFO pipeline VALIDATE R09 Event order is possible                       reporting=WARN    live=FAIL
2026-09-25T12:49:51Z INFO pipeline VALIDATE R10 Status and closed date agree                  reporting=WARN    live=FAIL
2026-09-25T12:49:51Z INFO pipeline VALIDATE R11 Closure time has hour precision               reporting=WARN    live=WARN
2026-09-25T12:49:51Z INFO pipeline VALIDATE R12 No timestamps after the snapshot              reporting=PASS    live=PASS
2026-09-25T12:49:51Z INFO pipeline VALIDATE R13 Status values are known                       reporting=PASS    live=PASS
2026-09-25T12:49:51Z INFO pipeline VALIDATE R14 Closing note present                          reporting=WARN    live=FAIL
2026-09-25T12:49:51Z INFO pipeline VALIDATE R15 Closing note text intact                      reporting=WARN    live=FAIL
2026-09-25T12:49:51Z INFO pipeline VALIDATE R16 Mapping file is valid                         reporting=PASS    live=PASS
2026-09-25T12:49:51Z INFO pipeline VALIDATE R17 Mapping covers the deep-dive notes            reporting=PASS    live=PASS
2026-09-25T12:49:51Z INFO pipeline VALIDATE R18 Mapping agrees with an independent coder      reporting=WARN    live=UNKNOWN
2026-09-25T12:49:51Z INFO pipeline VALIDATE R19 SLA units understood                          reporting=PASS    live=PASS
2026-09-25T12:49:51Z INFO pipeline VALIDATE R20 SLA reference is current                      reporting=WARN    live=FAIL
2026-09-25T12:49:51Z INFO pipeline VALIDATE R21 SLA match is unambiguous                      reporting=WARN    live=WARN
2026-09-25T12:49:51Z INFO pipeline VALIDATE R22 Joins do not duplicate rows                   reporting=PASS    live=PASS
2026-09-25T12:49:51Z INFO pipeline VALIDATE R23 Timezone of timestamps                        reporting=UNKNOWN live=UNKNOWN
2026-09-25T12:49:51Z INFO pipeline VALIDATE R24 Status calls attributable to an agency        reporting=WARN    live=WARN
2026-09-25T12:49:51Z INFO pipeline VALIDATE R25 Survey represents all requests                reporting=WARN    live=FAIL
2026-09-25T12:51:05Z INFO pipeline PUBLISHED /sessions/rcw-01gzbv3brayersg97mrzskfz/mnt/FDE/nyc311/output/run_date=2026-09-25 gate=READY (with warnings) live_gate=NOT READY in 106.1s
2026-09-25T12:51:11Z INFO pipeline START run_date=2026-09-25 source=snapshot chaos=missing_column
2026-09-25T12:51:29Z INFO pipeline EXTRACT snapshot=20260925T112431Z_initial rows={'call_center': 950999, 'service_requests': 969004, 'sla': 3563, 'survey': 275467} integrity_problems=0
2026-09-25T12:51:29Z WARNING pipeline CHAOS applied: missing_column
2026-09-25T12:51:29Z ERROR pipeline BLOCKING FAIL R03 Required columns present evidence={"service_requests": ["status"]}
2026-09-25T12:51:29Z ERROR pipeline NOT PUBLISHED (structural checks failed before cleaning). Previous output left unchanged. Details: /sessions/rcw-01gzbv3brayersg97mrzskfz/mnt/FDE/nyc311/logs/failed_run_2026-09-25_missing_column.json
2026-09-25T12:51:30Z INFO pipeline START run_date=2026-09-25 source=snapshot chaos=stale_data
2026-09-25T12:51:47Z INFO pipeline EXTRACT snapshot=20260925T112431Z_initial rows={'call_center': 950999, 'service_requests': 969004, 'sla': 3563, 'survey': 275467} integrity_problems=0
2026-09-25T12:51:47Z WARNING pipeline CHAOS applied: stale_data
2026-09-25T12:51:54Z INFO pipeline CLEAN {'rows_in': 969004, 'exact_duplicate_rows_removed': 0, 'conflicting_duplicate_keys': 0, 'created_date_unparseable': 0, 'closed_date_unparseable': 0, 'due_date_unparseable': 0, 'resolution_action_updated_date_unparseable': 0, 'rows_out': 969004}
2026-09-25T12:51:59Z INFO pipeline VALIDATE R01 Retrieval count matches source count          reporting=PASS    live=PASS
2026-09-25T12:51:59Z INFO pipeline VALIDATE R02 Raw files unchanged since retrieval           reporting=PASS    live=PASS
2026-09-25T12:51:59Z INFO pipeline VALIDATE R03 Required columns present                      reporting=PASS    live=PASS
2026-09-25T12:51:59Z INFO pipeline VALIDATE R04 Full SLA hierarchy available                  reporting=WARN    live=WARN
2026-09-25T12:51:59Z INFO pipeline VALIDATE R05 One row per request                           reporting=PASS    live=PASS
2026-09-25T12:51:59Z INFO pipeline VALIDATE R06 Timestamps parse                              reporting=PASS    live=PASS
2026-09-25T12:51:59Z INFO pipeline VALIDATE R07 Rows inside the requested window              reporting=PASS    live=PASS
2026-09-25T12:51:59Z INFO pipeline VALIDATE R08 Snapshot fresh enough                         reporting=FAIL    live=UNKNOWN
2026-09-25T12:51:59Z INFO pipeline VALIDATE R09 Event order is possible                       reporting=WARN    live=FAIL
2026-09-25T12:51:59Z INFO pipeline VALIDATE R10 Status and closed date agree                  reporting=WARN    live=FAIL
2026-09-25T12:51:59Z INFO pipeline VALIDATE R11 Closure time has hour precision               reporting=WARN    live=WARN
2026-09-25T12:51:59Z INFO pipeline VALIDATE R12 No timestamps after the snapshot              reporting=WARN    live=FAIL
2026-09-25T12:51:59Z INFO pipeline VALIDATE R13 Status values are known                       reporting=PASS    live=PASS
2026-09-25T12:51:59Z INFO pipeline VALIDATE R14 Closing note present                          reporting=WARN    live=FAIL
2026-09-25T12:51:59Z INFO pipeline VALIDATE R15 Closing note text intact                      reporting=WARN    live=FAIL
2026-09-25T12:51:59Z INFO pipeline VALIDATE R16 Mapping file is valid                         reporting=PASS    live=PASS
2026-09-25T12:51:59Z INFO pipeline VALIDATE R17 Mapping covers the deep-dive notes            reporting=PASS    live=PASS
2026-09-25T12:51:59Z INFO pipeline VALIDATE R18 Mapping agrees with an independent coder      reporting=WARN    live=UNKNOWN
2026-09-25T12:51:59Z INFO pipeline VALIDATE R19 SLA units understood                          reporting=PASS    live=PASS
2026-09-25T12:51:59Z INFO pipeline VALIDATE R20 SLA reference is current                      reporting=WARN    live=FAIL
2026-09-25T12:51:59Z INFO pipeline VALIDATE R21 SLA match is unambiguous                      reporting=WARN    live=WARN
2026-09-25T12:51:59Z INFO pipeline VALIDATE R22 Joins do not duplicate rows                   reporting=PASS    live=PASS
2026-09-25T12:51:59Z INFO pipeline VALIDATE R23 Timezone of timestamps                        reporting=UNKNOWN live=UNKNOWN
2026-09-25T12:51:59Z INFO pipeline VALIDATE R24 Status calls attributable to an agency        reporting=WARN    live=WARN
2026-09-25T12:51:59Z INFO pipeline VALIDATE R25 Survey represents all requests                reporting=WARN    live=FAIL
2026-09-25T12:51:59Z ERROR pipeline BLOCKING FAIL R08 Snapshot fresh enough evidence={"snapshot_age_days": 30, "max_age_days": 7, "live_note": "Open data publication lag vs the 311 system is not measurable from this source."}
2026-09-25T12:51:59Z ERROR pipeline NOT PUBLISHED (blocking validation failure). Previous output left unchanged. Details: /sessions/rcw-01gzbv3brayersg97mrzskfz/mnt/FDE/nyc311/logs/failed_run_2026-09-25_stale_data.json
2026-09-25T12:52:56Z INFO pipeline START run_date=2026-09-25 source=snapshot chaos=None
2026-09-25T12:53:13Z INFO pipeline EXTRACT snapshot=20260925T112431Z_initial rows={'call_center': 950999, 'service_requests': 969004, 'sla': 3563, 'survey': 275467} integrity_problems=0
2026-09-25T12:53:19Z INFO pipeline CLEAN {'rows_in': 969004, 'exact_duplicate_rows_removed': 0, 'conflicting_duplicate_keys': 0, 'created_date_unparseable': 0, 'closed_date_unparseable': 0, 'due_date_unparseable': 0, 'resolution_action_updated_date_unparseable': 0, 'rows_out': 969004}
2026-09-25T12:53:24Z INFO pipeline VALIDATE R01 Retrieval count matches source count          reporting=PASS    live=PASS
2026-09-25T12:53:24Z INFO pipeline VALIDATE R02 Raw files unchanged since retrieval           reporting=PASS    live=PASS
2026-09-25T12:53:24Z INFO pipeline VALIDATE R03 Required columns present                      reporting=PASS    live=PASS
2026-09-25T12:53:24Z INFO pipeline VALIDATE R04 Full SLA hierarchy available                  reporting=WARN    live=WARN
2026-09-25T12:53:24Z INFO pipeline VALIDATE R05 One row per request                           reporting=PASS    live=PASS
2026-09-25T12:53:24Z INFO pipeline VALIDATE R06 Timestamps parse                              reporting=PASS    live=PASS
2026-09-25T12:53:24Z INFO pipeline VALIDATE R07 Rows inside the requested window              reporting=PASS    live=PASS
2026-09-25T12:53:24Z INFO pipeline VALIDATE R08 Snapshot fresh enough                         reporting=PASS    live=UNKNOWN
2026-09-25T12:53:24Z INFO pipeline VALIDATE R09 Event order is possible                       reporting=WARN    live=FAIL
2026-09-25T12:53:24Z INFO pipeline VALIDATE R10 Status and closed date agree                  reporting=WARN    live=FAIL
2026-09-25T12:53:24Z INFO pipeline VALIDATE R11 Closure time has hour precision               reporting=WARN    live=WARN
2026-09-25T12:53:24Z INFO pipeline VALIDATE R12 No timestamps after the snapshot              reporting=PASS    live=PASS
2026-09-25T12:53:24Z INFO pipeline VALIDATE R13 Status values are known                       reporting=PASS    live=PASS
2026-09-25T12:53:24Z INFO pipeline VALIDATE R14 Closing note present                          reporting=WARN    live=FAIL
2026-09-25T12:53:24Z INFO pipeline VALIDATE R15 Closing note text intact                      reporting=WARN    live=FAIL
2026-09-25T12:53:24Z INFO pipeline VALIDATE R16 Mapping file is valid                         reporting=PASS    live=PASS
2026-09-25T12:53:24Z INFO pipeline VALIDATE R17 Mapping covers the deep-dive notes            reporting=PASS    live=PASS
2026-09-25T12:53:24Z INFO pipeline VALIDATE R18 Mapping agrees with an independent coder      reporting=WARN    live=UNKNOWN
2026-09-25T12:53:24Z INFO pipeline VALIDATE R19 SLA units understood                          reporting=PASS    live=PASS
2026-09-25T12:53:24Z INFO pipeline VALIDATE R20 SLA reference is current                      reporting=WARN    live=FAIL
2026-09-25T12:53:24Z INFO pipeline VALIDATE R21 SLA match is unambiguous                      reporting=WARN    live=WARN
2026-09-25T12:53:24Z INFO pipeline VALIDATE R22 Joins do not duplicate rows                   reporting=PASS    live=PASS
2026-09-25T12:53:24Z INFO pipeline VALIDATE R23 Timezone of timestamps                        reporting=UNKNOWN live=UNKNOWN
2026-09-25T12:53:24Z INFO pipeline VALIDATE R24 Status calls attributable to an agency        reporting=WARN    live=WARN
2026-09-25T12:53:24Z INFO pipeline VALIDATE R25 Survey represents all requests                reporting=WARN    live=FAIL
2026-09-25T12:54:36Z INFO pipeline PUBLISHED /sessions/rcw-01gzbv3brayersg97mrzskfz/mnt/FDE/nyc311/output/run_date=2026-09-25 gate=READY (with warnings) live_gate=NOT READY in 99.4s
2026-09-25T13:01:18Z INFO pipeline START run_date=2026-09-25 source=snapshot chaos=None
2026-09-25T13:01:32Z INFO pipeline EXTRACT snapshot=20260925T112431Z_initial rows={'call_center': 950999, 'service_requests': 969004, 'sla': 3563, 'survey': 275467} integrity_problems=0
2026-09-25T13:01:38Z INFO pipeline CLEAN {'rows_in': 969004, 'exact_duplicate_rows_removed': 0, 'conflicting_duplicate_keys': 0, 'created_date_unparseable': 0, 'closed_date_unparseable': 0, 'due_date_unparseable': 0, 'resolution_action_updated_date_unparseable': 0, 'rows_out': 969004}
2026-09-25T13:01:42Z INFO pipeline VALIDATE R01 Retrieval count matches source count          reporting=PASS    live=PASS
2026-09-25T13:01:42Z INFO pipeline VALIDATE R02 Raw files unchanged since retrieval           reporting=PASS    live=PASS
2026-09-25T13:01:42Z INFO pipeline VALIDATE R03 Required columns present                      reporting=PASS    live=PASS
2026-09-25T13:01:42Z INFO pipeline VALIDATE R04 Full SLA hierarchy available                  reporting=WARN    live=WARN
2026-09-25T13:01:42Z INFO pipeline VALIDATE R05 One row per request                           reporting=PASS    live=PASS
2026-09-25T13:01:42Z INFO pipeline VALIDATE R06 Timestamps parse                              reporting=PASS    live=PASS
2026-09-25T13:01:42Z INFO pipeline VALIDATE R07 Rows inside the requested window              reporting=PASS    live=PASS
2026-09-25T13:01:42Z INFO pipeline VALIDATE R08 Snapshot fresh enough                         reporting=PASS    live=UNKNOWN
2026-09-25T13:01:42Z INFO pipeline VALIDATE R09 Event order is possible                       reporting=WARN    live=FAIL
2026-09-25T13:01:42Z INFO pipeline VALIDATE R10 Status and closed date agree                  reporting=WARN    live=FAIL
2026-09-25T13:01:42Z INFO pipeline VALIDATE R11 Closure time has hour precision               reporting=WARN    live=WARN
2026-09-25T13:01:42Z INFO pipeline VALIDATE R12 No timestamps after the snapshot              reporting=PASS    live=PASS
2026-09-25T13:01:42Z INFO pipeline VALIDATE R13 Status values are known                       reporting=PASS    live=PASS
2026-09-25T13:01:42Z INFO pipeline VALIDATE R14 Closing note present                          reporting=WARN    live=FAIL
2026-09-25T13:01:42Z INFO pipeline VALIDATE R15 Closing note text intact                      reporting=WARN    live=FAIL
2026-09-25T13:01:42Z INFO pipeline VALIDATE R16 Mapping file is valid                         reporting=PASS    live=PASS
2026-09-25T13:01:42Z INFO pipeline VALIDATE R17 Mapping covers the deep-dive notes            reporting=PASS    live=PASS
2026-09-25T13:01:42Z INFO pipeline VALIDATE R18 Mapping agrees with an independent coder      reporting=WARN    live=UNKNOWN
2026-09-25T13:01:42Z INFO pipeline VALIDATE R19 SLA units understood                          reporting=PASS    live=PASS
2026-09-25T13:01:42Z INFO pipeline VALIDATE R20 SLA reference is current                      reporting=WARN    live=FAIL
2026-09-25T13:01:42Z INFO pipeline VALIDATE R21 SLA match is unambiguous                      reporting=WARN    live=WARN
2026-09-25T13:01:42Z INFO pipeline VALIDATE R22 Joins do not duplicate rows                   reporting=PASS    live=PASS
2026-09-25T13:01:42Z INFO pipeline VALIDATE R23 Timezone of timestamps                        reporting=UNKNOWN live=UNKNOWN
2026-09-25T13:01:42Z INFO pipeline VALIDATE R24 Status calls attributable to an agency        reporting=WARN    live=WARN
2026-09-25T13:01:42Z INFO pipeline VALIDATE R25 Survey represents all requests                reporting=WARN    live=FAIL
2026-09-25T13:02:44Z INFO pipeline PUBLISHED /sessions/rcw-01gzbv3brayersg97mrzskfz/mnt/FDE/nyc311/output/run_date=2026-09-25 gate=READY (with warnings) live_gate=NOT READY in 86.2s
2026-09-25T13:03:08Z INFO pipeline START run_date=2026-09-25 source=snapshot chaos=None
2026-09-25T13:03:23Z INFO pipeline EXTRACT snapshot=20260925T112431Z_initial rows={'call_center': 950999, 'service_requests': 969004, 'sla': 3563, 'survey': 275467} integrity_problems=0
2026-09-25T13:03:29Z INFO pipeline CLEAN {'rows_in': 969004, 'exact_duplicate_rows_removed': 0, 'conflicting_duplicate_keys': 0, 'created_date_unparseable': 0, 'closed_date_unparseable': 0, 'due_date_unparseable': 0, 'resolution_action_updated_date_unparseable': 0, 'rows_out': 969004}
2026-09-25T13:03:33Z INFO pipeline VALIDATE R01 Retrieval count matches source count          reporting=PASS    live=PASS
2026-09-25T13:03:33Z INFO pipeline VALIDATE R02 Raw files unchanged since retrieval           reporting=PASS    live=PASS
2026-09-25T13:03:33Z INFO pipeline VALIDATE R03 Required columns present                      reporting=PASS    live=PASS
2026-09-25T13:03:33Z INFO pipeline VALIDATE R04 Full SLA hierarchy available                  reporting=WARN    live=WARN
2026-09-25T13:03:33Z INFO pipeline VALIDATE R05 One row per request                           reporting=PASS    live=PASS
2026-09-25T13:03:33Z INFO pipeline VALIDATE R06 Timestamps parse                              reporting=PASS    live=PASS
2026-09-25T13:03:33Z INFO pipeline VALIDATE R07 Rows inside the requested window              reporting=PASS    live=PASS
2026-09-25T13:03:33Z INFO pipeline VALIDATE R08 Snapshot fresh enough                         reporting=PASS    live=UNKNOWN
2026-09-25T13:03:33Z INFO pipeline VALIDATE R09 Event order is possible                       reporting=WARN    live=FAIL
2026-09-25T13:03:33Z INFO pipeline VALIDATE R10 Status and closed date agree                  reporting=WARN    live=FAIL
2026-09-25T13:03:33Z INFO pipeline VALIDATE R11 Closure time has hour precision               reporting=WARN    live=WARN
2026-09-25T13:03:33Z INFO pipeline VALIDATE R12 No timestamps after the snapshot              reporting=PASS    live=PASS
2026-09-25T13:03:33Z INFO pipeline VALIDATE R13 Status values are known                       reporting=PASS    live=PASS
2026-09-25T13:03:33Z INFO pipeline VALIDATE R14 Closing note present                          reporting=WARN    live=FAIL
2026-09-25T13:03:33Z INFO pipeline VALIDATE R15 Closing note text intact                      reporting=WARN    live=FAIL
2026-09-25T13:03:33Z INFO pipeline VALIDATE R16 Mapping file is valid                         reporting=PASS    live=PASS
2026-09-25T13:03:33Z INFO pipeline VALIDATE R17 Mapping covers the deep-dive notes            reporting=PASS    live=PASS
2026-09-25T13:03:33Z INFO pipeline VALIDATE R18 Mapping agrees with an independent coder      reporting=WARN    live=UNKNOWN
2026-09-25T13:03:33Z INFO pipeline VALIDATE R19 SLA units understood                          reporting=PASS    live=PASS
2026-09-25T13:03:33Z INFO pipeline VALIDATE R20 SLA reference is current                      reporting=WARN    live=FAIL
2026-09-25T13:03:33Z INFO pipeline VALIDATE R21 SLA match is unambiguous                      reporting=WARN    live=WARN
2026-09-25T13:03:33Z INFO pipeline VALIDATE R22 Joins do not duplicate rows                   reporting=PASS    live=PASS
2026-09-25T13:03:33Z INFO pipeline VALIDATE R23 Timezone of timestamps                        reporting=UNKNOWN live=UNKNOWN
2026-09-25T13:03:33Z INFO pipeline VALIDATE R24 Status calls attributable to an agency        reporting=WARN    live=WARN
2026-09-25T13:03:33Z INFO pipeline VALIDATE R25 Survey represents all requests                reporting=WARN    live=FAIL
2026-09-25T13:04:37Z INFO pipeline PUBLISHED /sessions/rcw-01gzbv3brayersg97mrzskfz/mnt/FDE/nyc311/output/run_date=2026-09-25 gate=READY (with warnings) live_gate=NOT READY in 88.9s
2026-09-25T13:05:53Z INFO pipeline START run_date=2026-09-25 source=snapshot chaos=None
2026-09-25T13:06:08Z INFO pipeline EXTRACT snapshot=20260925T112431Z_initial rows={'call_center': 950999, 'service_requests': 969004, 'sla': 3563, 'survey': 275467} integrity_problems=0
2026-09-25T13:06:14Z INFO pipeline CLEAN {'rows_in': 969004, 'exact_duplicate_rows_removed': 0, 'conflicting_duplicate_keys': 0, 'created_date_unparseable': 0, 'closed_date_unparseable': 0, 'due_date_unparseable': 0, 'resolution_action_updated_date_unparseable': 0, 'rows_out': 969004}
2026-09-25T13:06:19Z INFO pipeline VALIDATE R01 Retrieval count matches source count          reporting=PASS    live=PASS
2026-09-25T13:06:19Z INFO pipeline VALIDATE R02 Raw files unchanged since retrieval           reporting=PASS    live=PASS
2026-09-25T13:06:19Z INFO pipeline VALIDATE R03 Required columns present                      reporting=PASS    live=PASS
2026-09-25T13:06:19Z INFO pipeline VALIDATE R04 Full SLA hierarchy available                  reporting=WARN    live=WARN
2026-09-25T13:06:19Z INFO pipeline VALIDATE R05 One row per request                           reporting=PASS    live=PASS
2026-09-25T13:06:19Z INFO pipeline VALIDATE R06 Timestamps parse                              reporting=PASS    live=PASS
2026-09-25T13:06:19Z INFO pipeline VALIDATE R07 Rows inside the requested window              reporting=PASS    live=PASS
2026-09-25T13:06:19Z INFO pipeline VALIDATE R08 Snapshot fresh enough                         reporting=PASS    live=UNKNOWN
2026-09-25T13:06:19Z INFO pipeline VALIDATE R09 Event order is possible                       reporting=WARN    live=FAIL
2026-09-25T13:06:19Z INFO pipeline VALIDATE R10 Status and closed date agree                  reporting=WARN    live=FAIL
2026-09-25T13:06:19Z INFO pipeline VALIDATE R11 Closure time has hour precision               reporting=WARN    live=WARN
2026-09-25T13:06:19Z INFO pipeline VALIDATE R12 No timestamps after the snapshot              reporting=PASS    live=PASS
2026-09-25T13:06:19Z INFO pipeline VALIDATE R13 Status values are known                       reporting=PASS    live=PASS
2026-09-25T13:06:19Z INFO pipeline VALIDATE R14 Closing note present                          reporting=WARN    live=FAIL
2026-09-25T13:06:19Z INFO pipeline VALIDATE R15 Closing note text intact                      reporting=WARN    live=FAIL
2026-09-25T13:06:19Z INFO pipeline VALIDATE R16 Mapping file is valid                         reporting=PASS    live=PASS
2026-09-25T13:06:19Z INFO pipeline VALIDATE R17 Mapping covers the deep-dive notes            reporting=PASS    live=PASS
2026-09-25T13:06:19Z INFO pipeline VALIDATE R18 Mapping agrees with an independent coder      reporting=WARN    live=UNKNOWN
2026-09-25T13:06:19Z INFO pipeline VALIDATE R19 SLA units understood                          reporting=PASS    live=PASS
2026-09-25T13:06:19Z INFO pipeline VALIDATE R20 SLA reference is current                      reporting=WARN    live=FAIL
2026-09-25T13:06:19Z INFO pipeline VALIDATE R21 SLA match is unambiguous                      reporting=WARN    live=WARN
2026-09-25T13:06:19Z INFO pipeline VALIDATE R22 Joins do not duplicate rows                   reporting=PASS    live=PASS
2026-09-25T13:06:19Z INFO pipeline VALIDATE R23 Timezone of timestamps                        reporting=UNKNOWN live=UNKNOWN
2026-09-25T13:06:19Z INFO pipeline VALIDATE R24 Status calls attributable to an agency        reporting=WARN    live=WARN
2026-09-25T13:06:19Z INFO pipeline VALIDATE R25 Survey represents all requests                reporting=WARN    live=FAIL
2026-09-25T13:07:24Z INFO pipeline PUBLISHED /sessions/rcw-01gzbv3brayersg97mrzskfz/mnt/FDE/nyc311/output/run_date=2026-09-25 gate=READY (with warnings) live_gate=NOT READY in 90.9s
2026-09-25T13:08:10Z INFO pipeline START run_date=2026-09-25 source=snapshot chaos=None
2026-09-25T13:08:24Z INFO pipeline EXTRACT snapshot=20260925T112431Z_initial rows={'call_center': 950999, 'service_requests': 969004, 'sla': 3563, 'survey': 275467} integrity_problems=0
2026-09-25T13:08:30Z INFO pipeline CLEAN {'rows_in': 969004, 'exact_duplicate_rows_removed': 0, 'conflicting_duplicate_keys': 0, 'created_date_unparseable': 0, 'closed_date_unparseable': 0, 'due_date_unparseable': 0, 'resolution_action_updated_date_unparseable': 0, 'rows_out': 969004}
2026-09-25T13:08:34Z INFO pipeline VALIDATE R01 Retrieval count matches source count          reporting=PASS    live=PASS
2026-09-25T13:08:34Z INFO pipeline VALIDATE R02 Raw files unchanged since retrieval           reporting=PASS    live=PASS
2026-09-25T13:08:34Z INFO pipeline VALIDATE R03 Required columns present                      reporting=PASS    live=PASS
2026-09-25T13:08:34Z INFO pipeline VALIDATE R04 Full SLA hierarchy available                  reporting=WARN    live=WARN
2026-09-25T13:08:34Z INFO pipeline VALIDATE R05 One row per request                           reporting=PASS    live=PASS
2026-09-25T13:08:34Z INFO pipeline VALIDATE R06 Timestamps parse                              reporting=PASS    live=PASS
2026-09-25T13:08:34Z INFO pipeline VALIDATE R07 Rows inside the requested window              reporting=PASS    live=PASS
2026-09-25T13:08:34Z INFO pipeline VALIDATE R08 Snapshot fresh enough                         reporting=PASS    live=UNKNOWN
2026-09-25T13:08:34Z INFO pipeline VALIDATE R09 Event order is possible                       reporting=WARN    live=FAIL
2026-09-25T13:08:34Z INFO pipeline VALIDATE R10 Status and closed date agree                  reporting=WARN    live=FAIL
2026-09-25T13:08:34Z INFO pipeline VALIDATE R11 Closure time has hour precision               reporting=WARN    live=WARN
2026-09-25T13:08:34Z INFO pipeline VALIDATE R12 No timestamps after the snapshot              reporting=PASS    live=PASS
2026-09-25T13:08:34Z INFO pipeline VALIDATE R13 Status values are known                       reporting=PASS    live=PASS
2026-09-25T13:08:34Z INFO pipeline VALIDATE R14 Closing note present                          reporting=WARN    live=FAIL
2026-09-25T13:08:34Z INFO pipeline VALIDATE R15 Closing note text intact                      reporting=WARN    live=FAIL
2026-09-25T13:08:34Z INFO pipeline VALIDATE R16 Mapping file is valid                         reporting=PASS    live=PASS
2026-09-25T13:08:34Z INFO pipeline VALIDATE R17 Mapping covers the focus-agency notes         reporting=PASS    live=PASS
2026-09-25T13:08:34Z INFO pipeline VALIDATE R18 Mapping agrees with an independent coder      reporting=WARN    live=UNKNOWN
2026-09-25T13:08:34Z INFO pipeline VALIDATE R19 SLA units understood                          reporting=PASS    live=PASS
2026-09-25T13:08:34Z INFO pipeline VALIDATE R20 SLA reference is current                      reporting=WARN    live=FAIL
2026-09-25T13:08:34Z INFO pipeline VALIDATE R21 SLA match is unambiguous                      reporting=WARN    live=WARN
2026-09-25T13:08:34Z INFO pipeline VALIDATE R22 Joins do not duplicate rows                   reporting=PASS    live=PASS
2026-09-25T13:08:34Z INFO pipeline VALIDATE R23 Timezone of timestamps                        reporting=UNKNOWN live=UNKNOWN
2026-09-25T13:08:34Z INFO pipeline VALIDATE R24 Status calls attributable to an agency        reporting=WARN    live=WARN
2026-09-25T13:08:34Z INFO pipeline VALIDATE R25 Survey represents all requests                reporting=WARN    live=FAIL
2026-09-25T13:09:38Z INFO pipeline PUBLISHED /sessions/rcw-01gzbv3brayersg97mrzskfz/mnt/FDE/nyc311/output/run_date=2026-09-25 gate=READY (with warnings) live_gate=NOT READY in 87.6s
